../Core/Src/main.c:81:6:vTemperatureTask	24	static
../Core/Src/main.c:99:6:vLCDTask	64	static
../Core/Src/main.c:119:6:vUARTTask	104	static
../Core/Src/main.c:148:5:main	16	static
../Core/Src/main.c:277:6:SystemClock_Config	88	static
../Core/Src/main.c:324:13:MX_I2C1_Init	8	static
../Core/Src/main.c:358:13:MX_USART2_UART_Init	8	static
../Core/Src/main.c:391:13:MX_GPIO_Init	16	static
../Core/Src/main.c:417:6:StartDefaultTask	16	static
../Core/Src/main.c:436:6:HAL_TIM_PeriodElapsedCallback	16	static
../Core/Src/main.c:454:6:Error_Handler	4	static,ignoring_inline_asm
