../Core/Src/main.c:88:6:vTFTTask	72	static
../Core/Src/main.c:110:6:vTemperatureTask	24	static
../Core/Src/main.c:127:6:vUARTTask	112	static
../Core/Src/main.c:149:5:main	16	static
../Core/Src/main.c:235:6:SystemClock_Config	88	static
../Core/Src/main.c:282:13:MX_I2C1_Init	8	static
../Core/Src/main.c:316:13:MX_SPI1_Init	8	static
../Core/Src/main.c:354:13:MX_USART2_UART_Init	8	static
../Core/Src/main.c:387:13:MX_GPIO_Init	40	static
../Core/Src/main.c:424:6:StartDefaultTask	16	static
../Core/Src/main.c:443:6:HAL_TIM_PeriodElapsedCallback	16	static
../Core/Src/main.c:461:6:Error_Handler	4	static,ignoring_inline_asm
