../Core/Src/main.c:124:6:vECGTask	48	static
../Core/Src/main.c:149:6:vMax30102Task	72	static
../Core/Src/main.c:216:6:vTFTTask	88	static
../Core/Src/main.c:274:6:vUARTTask	240	static
../Core/Src/main.c:321:6:vTemperatureTask	56	static
../Core/Src/main.c:353:5:main	16	static
../Core/Src/main.c:476:6:SystemClock_Config	88	static
../Core/Src/main.c:523:13:MX_ADC1_Init	24	static
../Core/Src/main.c:575:13:MX_I2C1_Init	8	static
../Core/Src/main.c:609:13:MX_I2C2_Init	8	static
../Core/Src/main.c:643:13:MX_SPI1_Init	8	static
../Core/Src/main.c:681:13:MX_TIM2_Init	32	static
../Core/Src/main.c:726:13:MX_USART2_UART_Init	8	static
../Core/Src/main.c:757:13:MX_DMA_Init	16	static
../Core/Src/main.c:775:13:MX_GPIO_Init	40	static
../Core/Src/main.c:818:6:StartDefaultTask	16	static
../Core/Src/main.c:837:6:HAL_TIM_PeriodElapsedCallback	16	static
../Core/Src/main.c:855:6:Error_Handler	4	static,ignoring_inline_asm
