../Core/Src/main.c:124:6:vECGTask	2
../Core/Src/main.c:142:6:vMax30102Task	5
../Core/Src/main.c:209:6:vTFTTask	7
../Core/Src/main.c:267:6:vUARTTask	8
../Core/Src/main.c:312:6:vTemperatureTask	3
../Core/Src/main.c:344:5:main	9
../Core/Src/main.c:467:6:SystemClock_Config	3
../Core/Src/main.c:514:13:MX_ADC1_Init	3
../Core/Src/main.c:566:13:MX_I2C1_Init	2
../Core/Src/main.c:600:13:MX_I2C2_Init	2
../Core/Src/main.c:634:13:MX_SPI1_Init	2
../Core/Src/main.c:672:13:MX_TIM2_Init	4
../Core/Src/main.c:717:13:MX_USART2_UART_Init	2
../Core/Src/main.c:748:13:MX_DMA_Init	1
../Core/Src/main.c:766:13:MX_GPIO_Init	1
../Core/Src/main.c:809:6:StartDefaultTask	1
../Core/Src/main.c:828:6:HAL_TIM_PeriodElapsedCallback	2
../Core/Src/main.c:846:6:Error_Handler	1
