../Core/Src/max30102.c:26:26:MAX30102_WriteRegister	32	static
../Core/Src/max30102.c:31:26:MAX30102_ReadRegister	32	static
../Core/Src/max30102.c:36:26:MAX30102_ReadBytes	32	static
../Core/Src/max30102.c:41:26:MAX30102_Reset	8	static
../Core/Src/max30102.c:53:26:MAX30102_CheckPartID	16	static
../Core/Src/max30102.c:70:26:MAX30102_FIFO_Init	8	static
../Core/Src/max30102.c:87:26:MAX30102_SPO2_Config	8	static
../Core/Src/max30102.c:102:26:MAX30102_LED_Config	8	static
../Core/Src/max30102.c:117:19:MAX30102_Init	8	static
../Core/Src/max30102.c:137:19:MAX30102_ReadSample	24	static
../Core/Src/max30102.c:160:7:Calculate_SPO2	72	static
../Core/Src/max30102.c:197:6:Calculate_HeartRate	48	static
