../Core/Src/main.c:79:6:vECGTask	16	static
../Core/Src/main.c:94:6:vUARTTask	24	static
../Core/Src/main.c:126:5:main	16	static
../Core/Src/main.c:222:6:SystemClock_Config	88	static
../Core/Src/main.c:268:13:MX_ADC1_Init	24	static
../Core/Src/main.c:320:13:MX_TIM2_Init	32	static
../Core/Src/main.c:365:13:MX_USART2_UART_Init	8	static
../Core/Src/main.c:396:13:MX_DMA_Init	16	static
../Core/Src/main.c:414:13:MX_GPIO_Init	48	static
../Core/Src/main.c:459:6:StartDefaultTask	16	static
../Core/Src/main.c:474:6:Error_Handler	4	static,ignoring_inline_asm
