../Core/Src/main.c:87:6:MAX30102_Task	32	static
../Core/Src/main.c:111:6:Processing_Task	840	static
../Core/Src/main.c:162:6:LCD_Task	64	static
../Core/Src/main.c:194:5:main	16	static
../Core/Src/main.c:314:6:SystemClock_Config	88	static
../Core/Src/main.c:361:13:MX_I2C1_Init	8	static
../Core/Src/main.c:395:13:MX_GPIO_Init	16	static
../Core/Src/main.c:420:6:StartDefaultTask	16	static
../Core/Src/main.c:439:6:HAL_TIM_PeriodElapsedCallback	16	static
../Core/Src/main.c:457:6:Error_Handler	4	static,ignoring_inline_asm
